// Jest Snapshot v1, https://goo.gl/fbAQLP

exports[`RichTextBlock matches snapshot 1`] = `
<DocumentFragment>
  <div
    class=""
  >
    <p>
      This is a snapshot test
    </p>
  </div>
</DocumentFragment>
`;
